V3 11
FL C:/Users/Student/Desktop/KrungKringKree-Piggy-Bank/KrungKringKree-Piggy-Bank/main.vhf 2017/12/12.21:43:30 P.20131013
EN work/main 1513089813 \
      FL C:/Users/Student/Desktop/KrungKringKree-Piggy-Bank/KrungKringKree-Piggy-Bank/main.vhf \
      PB ieee/std_logic_1164 1381692176 PB ieee/NUMERIC_STD 1381692181 LB UNISIM \
      PH unisim/VCOMPONENTS 1381692182
AR work/main/BEHAVIORAL 1513089814 \
      FL C:/Users/Student/Desktop/KrungKringKree-Piggy-Bank/KrungKringKree-Piggy-Bank/main.vhf \
      EN work/main 1513089813 CP GND CP OR2 CP FDC CP VCC CP FDCP CP INV CP AND2
