#-----------------------------------------------------------
# PlanAhead v14.7
# Build 321239 by xbuild on Fri Sep 27 19:31:35 MDT 2013
# Start of session at: Tue Dec 12 08:32:11 2017
# Process ID: 7916
# Log file: C:/Users/Student/Desktop/KrungKringKree-Piggy-Bank/KrungKringKree-Piggy-Bank/planAhead_run_5/planAhead.log
# Journal file: C:/Users/Student/Desktop/KrungKringKree-Piggy-Bank/KrungKringKree-Piggy-Bank/planAhead_run_5/planAhead.jou
#-----------------------------------------------------------
start_gui
source C:/Users/Student/Desktop/KrungKringKree-Piggy-Bank/KrungKringKree-Piggy-Bank/pa.fromHdl.tcl
update_compile_order -fileset sim_1
startgroup
set_property package_pin P122 [get_ports K2_1_P112]
endgroup
startgroup
set_property package_pin P108 [get_ports K2_3_P108]
endgroup
startgroup
set_property package_pin P107 [get_ports K2_5_P107]
endgroup
startgroup
set_property package_pin P105 [get_ports K2_7_105]
endgroup
startgroup
set_property package_pin P104 [get_ports K2_9_P104]
endgroup
startgroup
set_property package_pin P103 [get_ports K2_11_P103]
endgroup
startgroup
set_property package_pin P102 [get_ports K2_13_102]
endgroup
startgroup
set_property package_pin P100 [get_ports K2_15_P100]
endgroup
startgroup
set_property package_pin P26 [get_ports LED_P26]
endgroup
startgroup
set_property package_pin P27 [get_ports LED_P27]
endgroup
startgroup
set_property package_pin P28 [get_ports LED_P28]
endgroup
startgroup
set_property package_pin P30 [get_ports LED_P30]
endgroup
startgroup
set_property package_pin P31 [get_ports LED_P31]
endgroup
startgroup
set_property package_pin P32 [get_ports LED_P32]
endgroup
startgroup
set_property package_pin P33 [get_ports LED_P33]
endgroup
startgroup
set_property package_pin P35 [get_ports LED_P35]
endgroup
startgroup
set_property package_pin P99 [get_ports XLXN_45]
endgroup
startgroup
set_property package_pin P36 [get_ports XLXN_47]
endgroup
save_constraints
